// Jest Snapshot v1, https://goo.gl/fbAQLP

exports[`Clusters should render correctly 1`] = `
<div>
  <div>
    <h4>
      Clusters
    </h4>
    <ul>
      <li
        class="selected"
      >
        <h5>
          Cluster 
          1
        </h5>
        <p>
          12/01/2019
        </p>
        <div>
          Total stories: 
          <span>
            67028
          </span>
        </div>
        <div>
          Earliest story: 
          <span>
            11/22/2019
          </span>
        </div>
        <div>
          Latest story: 
          <span>
            12/13/2019
          </span>
        </div>
        <div>
          Location: 
          <span>
            Turkey
          </span>
        </div>
      </li>
      <li
        class=""
      >
        <h5>
          Cluster 
          2
        </h5>
        <p>
          12/04/2019
        </p>
        <div>
          Total stories: 
          <span>
            49262
          </span>
        </div>
        <div>
          Earliest story: 
          <span>
            11/20/2019
          </span>
        </div>
        <div>
          Latest story: 
          <span>
            12/08/2019
          </span>
        </div>
        <div>
          Location: 
          <span>
            China
          </span>
        </div>
      </li>
    </ul>
  </div>
</div>
`;
