// Jest Snapshot v1, https://goo.gl/fbAQLP

exports[`Story should render correctly with selected item 1`] = `
<div>
  <article
    class="story"
  >
    <header
      class="story__header"
    >
      <h2>
        Representative story
      </h2>
    </header>
    <div
      class="story__image"
    >
      <img
        alt="media-img"
        class="story__image"
        src="https://www.libyaakhbar.com/wp-content/uploads/2019/12/637107994911337082_131224338148_433_LTH.jpg"
      />
    </div>
    <h4
      class="story__title"
    >
      ميركل تعزى رئيس وزراء ألبانبا فى وفاة زوجة نجله فى الزلزال - اخبار
    </h4>
    <div
      class="story__body"
    >
      <p
        class="story-body story__sentence"
      >
        German Chancellor Angela Merkel expressed her deep sympathy for the victims of the earthquake that hit Albania and the Albanian government.
      </p>
      <p
        class="story-body story__sentence"
      >
        According to reports, a partner of the life of a Prime Minister of Albania died during the earthquake.
      </p>
    </div>
    <p>
      Author: 
      ايوان ليبيا
    </p>
    <a
      class="story__link"
      href="https://www.libyaakhbar.com/news/1080980.html"
      rel="noopener noreferrer"
      target="_blank"
    >
      Visit post on 
      Libya Akhbar
    </a>
    <p
      class="story__hashtags"
    >
      #Earthquake 
      #Albania 
      #Albanians 
      #PrimeMinisterOfTheUnitedKingdom 
      #Tirana 
      #ChancellorOfGermany 
      #AngelaMerkel 
      #Telegraphy 
      #Rama 
      #Pain 
      #Germany 
      #EuropeanUnion 
      #Earth 
      #Port 
    </p>
  </article>
</div>
`;
